// Jest Snapshot v1, https://goo.gl/fbAQLP

exports[`matches snapshot 1`] = `
Array [
  <div
    className="sc-kFuwaP dikcML close"
    color={
      Object {
        "bgDark": "#202020",
        "bgLight": "#ffffff",
        "primary": "#14b8a6",
        "secondary": "#1e293b",
        "tertiary": "#f1f5f9",
        "textDark": "#ffffff",
        "textLight": "#202020",
      }
    }
    data-testid="hamburgerButton"
    onClick={[Function]}
  >
    <span />
    <span />
    <span />
    <span />
  </div>,
  <div
    className="sc-dmqHEX fUVtpp close"
    data-testid="homeSidebar"
  >
    <div
      className="sc-hLseeU hKeZJh close"
      data-testid="homeSidebarDarkScreen"
      onClick={[Function]}
    />
    <nav
      className="sc-eDDNvR iJGPh"
      color={
        Object {
          "bgDark": "#202020",
          "bgLight": "#ffffff",
          "primary": "#14b8a6",
          "secondary": "#1e293b",
          "tertiary": "#f1f5f9",
          "textDark": "#ffffff",
          "textLight": "#202020",
        }
      }
    >
      <div
        className="sc-gLDzan fZJcpr"
      >
        <a
          className="sc-iAEyYk heeUCw"
          data-testid="homeSidebarTitle"
          href="/"
          onClick={[Function]}
        >
          <div
            className="sc-beqWaB cFCfEJ"
            color={
              Object {
                "bgDark": "#202020",
                "bgLight": "#ffffff",
                "primary": "#14b8a6",
                "secondary": "#1e293b",
                "tertiary": "#f1f5f9",
                "textDark": "#ffffff",
                "textLight": "#202020",
              }
            }
          >
            <div
              className="sc-gueYoa eKBnIs"
            >
              <svg
                fill="currentColor"
                height={25}
                role="img"
                stroke="currentColor"
                strokeWidth="0"
                style={
                  Object {
                    "color": undefined,
                  }
                }
                viewBox="0 0 24 24"
                width={25}
                xmlns="http://www.w3.org/2000/svg"
              >
                <title />
                <path
                  d="M13.055 21.26c-1.345.022-2.325-.41-2.386-1.585-.025-.44-.018-.91.002-1.192.137-1.716 1.333-2.95 2.53-3.19 1.482-.294 2.455.38 2.455 2.31 0 1.303-.36 3.618-2.59 3.657h-.016zM11.923 0C5.32 0 0 5.297 0 12.224c0 3.594 1.92 7.062 4.623 9.147.52.4 1.138.367 1.497.02.297-.285.272-.984-.285-1.475-2.16-1.886-3.652-4.76-3.652-7.635 0-5.15 4.58-9.49 9.74-9.49 6.28 0 9.636 5.102 9.636 9.43 0 2.65-1.29 5.84-3.626 7.874.015 0 .493-.942.493-2.784 0-3.13-1.976-4.836-4.28-4.836-1.663 0-2.667.598-3.34 1.152 0-1.272.045-3.652.045-3.652 0-1.572-.54-2.83-2.47-2.86-1.11-.015-1.932.493-2.44 1.647-.18.436-.12.916.254 1.125.3.18.81.046 1.046-.284.165-.21.254-.254.404-.24.24.03.257.405.257.66.014.193.193 2.903.088 9.865C7.98 21.798 9.493 24 13.1 24c1.56 0 2.756-.435 4.493-1.422C20.243 21.08 24 17.758 24 12.128 23.953 5.045 18.265 0 11.933 0"
                />
              </svg>
            </div>
            <p>
              Bhakti Portfolio
            </p>
          </div>
        </a>
      </div>
      <div
        className="sc-jTrPJq efVOIl"
        color={
          Object {
            "bgDark": "#202020",
            "bgLight": "#ffffff",
            "primary": "#14b8a6",
            "secondary": "#1e293b",
            "tertiary": "#f1f5f9",
            "textDark": "#ffffff",
            "textLight": "#202020",
          }
        }
      />
      <div
        className="sc-fsQiph cmcJkq"
      >
        <a
          className="sc-qRumB gUfIoo"
          color={
            Object {
              "bgDark": "#202020",
              "bgLight": "#ffffff",
              "primary": "#14b8a6",
              "secondary": "#1e293b",
              "tertiary": "#f1f5f9",
              "textDark": "#ffffff",
              "textLight": "#202020",
            }
          }
          data-testid="sidebarHomeButton"
          onClick={[Function]}
          style={Object {}}
        >
          <div
            className="sc-jsMahE jfLCQo"
          >
            <svg
              fill="currentColor"
              height={24}
              stroke="currentColor"
              strokeWidth="0"
              style={
                Object {
                  "color": undefined,
                }
              }
              viewBox="0 0 24 24"
              width={24}
              xmlns="http://www.w3.org/2000/svg"
            >
              <path
                d="M0 0h24v24H0z"
                fill="none"
              />
              <path
                d="M10 20v-6h4v6h5v-8h3L12 3 2 12h3v8z"
              />
            </svg>
          </div>
          <p>
            Home
          </p>
        </a>
        <a
          className="sc-qRumB gUfIoo"
          color={
            Object {
              "bgDark": "#202020",
              "bgLight": "#ffffff",
              "primary": "#14b8a6",
              "secondary": "#1e293b",
              "tertiary": "#f1f5f9",
              "textDark": "#ffffff",
              "textLight": "#202020",
            }
          }
          data-testid="sidebarHomeButton"
          onClick={[Function]}
          style={Object {}}
        >
          <div
            className="sc-jsMahE jfLCQo"
          >
            <svg
              fill="currentColor"
              height={24}
              stroke="currentColor"
              strokeWidth="0"
              style={
                Object {
                  "color": undefined,
                }
              }
              viewBox="0 0 24 24"
              width={24}
              xmlns="http://www.w3.org/2000/svg"
            >
              <path
                d="M0 0h24v24H0z"
                fill="none"
              />
              <path
                d="M19 3h-4.18C14.4 1.84 13.3 1 12 1c-1.3 0-2.4.84-2.82 2H5c-1.1 0-2 .9-2 2v14c0 1.1.9 2 2 2h14c1.1 0 2-.9 2-2V5c0-1.1-.9-2-2-2zm-7 0c.55 0 1 .45 1 1s-.45 1-1 1-1-.45-1-1 .45-1 1-1zm0 4c1.66 0 3 1.34 3 3s-1.34 3-3 3-3-1.34-3-3 1.34-3 3-3zm6 12H6v-1.4c0-2 4-3.1 6-3.1s6 1.1 6 3.1V19z"
              />
            </svg>
          </div>
          <p>
            About
          </p>
        </a>
        <a
          className="sc-qRumB gUfIoo"
          color={
            Object {
              "bgDark": "#202020",
              "bgLight": "#ffffff",
              "primary": "#14b8a6",
              "secondary": "#1e293b",
              "tertiary": "#f1f5f9",
              "textDark": "#ffffff",
              "textLight": "#202020",
            }
          }
          data-testid="sidebarHomeButton"
          onClick={[Function]}
          style={Object {}}
        >
          <div
            className="sc-jsMahE jfLCQo"
          >
            <svg
              fill="currentColor"
              height={24}
              stroke="currentColor"
              strokeWidth="0"
              style={
                Object {
                  "color": undefined,
                }
              }
              viewBox="0 0 16 16"
              width={24}
              xmlns="http://www.w3.org/2000/svg"
            >
              <path
                d="M9.293 0H4a2 2 0 0 0-2 2v12a2 2 0 0 0 2 2h8a2 2 0 0 0 2-2V4.707A1 1 0 0 0 13.707 4L10 .293A1 1 0 0 0 9.293 0zM9.5 3.5v-2l3 3h-2a1 1 0 0 1-1-1zM6.646 7.646a.5.5 0 1 1 .708.708L5.707 10l1.647 1.646a.5.5 0 0 1-.708.708l-2-2a.5.5 0 0 1 0-.708l2-2zm2.708 0 2 2a.5.5 0 0 1 0 .708l-2 2a.5.5 0 0 1-.708-.708L10.293 10 8.646 8.354a.5.5 0 1 1 .708-.708z"
              />
            </svg>
          </div>
          <p>
            Skills
          </p>
        </a>
        <a
          className="sc-qRumB gUfIoo"
          color={
            Object {
              "bgDark": "#202020",
              "bgLight": "#ffffff",
              "primary": "#14b8a6",
              "secondary": "#1e293b",
              "tertiary": "#f1f5f9",
              "textDark": "#ffffff",
              "textLight": "#202020",
            }
          }
          data-testid="sidebarHomeButton"
          onClick={[Function]}
          style={Object {}}
        >
          <div
            className="sc-jsMahE jfLCQo"
          >
            <svg
              fill="currentColor"
              height={24}
              stroke="currentColor"
              strokeWidth="0"
              style={
                Object {
                  "color": undefined,
                }
              }
              viewBox="0 0 24 24"
              width={24}
              xmlns="http://www.w3.org/2000/svg"
            >
              <path
                d="M0 0h24v24H0z"
                fill="none"
              />
              <path
                d="M18 11c1.49 0 2.87.47 4 1.26V8c0-1.11-.89-2-2-2h-4V4c0-1.11-.89-2-2-2h-4c-1.11 0-2 .89-2 2v2H4c-1.11 0-1.99.89-1.99 2L2 19c0 1.11.89 2 2 2h7.68A6.995 6.995 0 0118 11zm-8-7h4v2h-4V4z"
              />
              <path
                d="M18 13c-2.76 0-5 2.24-5 5s2.24 5 5 5 5-2.24 5-5-2.24-5-5-5zm1.65 7.35L17.5 18.2V15h1v2.79l1.85 1.85-.7.71z"
              />
            </svg>
          </div>
          <p>
            Experience
          </p>
        </a>
        <a
          className="sc-qRumB gUfIoo"
          color={
            Object {
              "bgDark": "#202020",
              "bgLight": "#ffffff",
              "primary": "#14b8a6",
              "secondary": "#1e293b",
              "tertiary": "#f1f5f9",
              "textDark": "#ffffff",
              "textLight": "#202020",
            }
          }
          data-testid="sidebarHomeButton"
          onClick={[Function]}
          style={Object {}}
        >
          <div
            className="sc-jsMahE jfLCQo"
          >
            <svg
              fill="currentColor"
              height={24}
              stroke="currentColor"
              strokeWidth="0"
              style={
                Object {
                  "color": undefined,
                }
              }
              viewBox="0 0 24 24"
              width={24}
              xmlns="http://www.w3.org/2000/svg"
            >
              <path
                d="M0 0h24v24H0z"
                fill="none"
              />
              <path
                d="M10 4h4v4h-4zM4 16h4v4H4zM4 10h4v4H4zM4 4h4v4H4zM16 4h4v4h-4zM11 17.86V20h2.1l5.98-5.97-2.12-2.12zM14 12.03V10h-4v4h2.03zM20.85 11.56l-1.41-1.41c-.2-.2-.51-.2-.71 0l-1.06 1.06 2.12 2.12 1.06-1.06c.2-.2.2-.51 0-.71z"
              />
            </svg>
          </div>
          <p>
            Portfolio
          </p>
        </a>
        <a
          className="sc-qRumB gUfIoo"
          color={
            Object {
              "bgDark": "#202020",
              "bgLight": "#ffffff",
              "primary": "#14b8a6",
              "secondary": "#1e293b",
              "tertiary": "#f1f5f9",
              "textDark": "#ffffff",
              "textLight": "#202020",
            }
          }
          data-testid="sidebarHomeButton"
          onClick={[Function]}
          style={Object {}}
        >
          <div
            className="sc-jsMahE jfLCQo"
          >
            <svg
              fill="currentColor"
              height={24}
              stroke="currentColor"
              strokeWidth="0"
              style={
                Object {
                  "color": undefined,
                }
              }
              viewBox="0 0 24 24"
              width={24}
              xmlns="http://www.w3.org/2000/svg"
            >
              <path
                d="M0 0h24v24H0z"
                fill="none"
              />
              <path
                d="M19 3H5c-1.1 0-2 .9-2 2v14c0 1.1.9 2 2 2h14c1.1 0 2-.9 2-2V5c0-1.1-.9-2-2-2zm-5 14H7v-2h7v2zm3-4H7v-2h10v2zm0-4H7V7h10v2z"
              />
            </svg>
          </div>
          <p>
            Blog
          </p>
        </a>
        <a
          className="sc-qRumB gUfIoo"
          color={
            Object {
              "bgDark": "#202020",
              "bgLight": "#ffffff",
              "primary": "#14b8a6",
              "secondary": "#1e293b",
              "tertiary": "#f1f5f9",
              "textDark": "#ffffff",
              "textLight": "#202020",
            }
          }
          data-testid="sidebarHomeButton"
          onClick={[Function]}
          style={Object {}}
        >
          <div
            className="sc-jsMahE jfLCQo"
          >
            <svg
              fill="currentColor"
              height={24}
              stroke="currentColor"
              strokeWidth="0"
              style={
                Object {
                  "color": undefined,
                }
              }
              viewBox="0 0 24 24"
              width={24}
              xmlns="http://www.w3.org/2000/svg"
            >
              <path
                d="M0 0h24v24H0z"
                fill="none"
              />
              <path
                d="M20 4H4c-1.1 0-1.99.9-1.99 2L2 18c0 1.1.9 2 2 2h16c1.1 0 2-.9 2-2V6c0-1.1-.9-2-2-2zm0 4l-8 5-8-5V6l8 5 8-5v2z"
              />
            </svg>
          </div>
          <p>
            Contact
          </p>
        </a>
      </div>
    </nav>
  </div>,
]
`;
