// Jest Snapshot v1, https://goo.gl/fbAQLP

exports[`matches snapshot 1`] = `
<a
  className="sc-beqWaB fbTEKw"
  color={
    Object {
      "bgDark": "#202020",
      "bgGrey": "#f1f5f9",
      "bgLight": "#ffffff",
      "primary": "#14b8a6",
      "secondary": "#1e293b",
      "tertiary": "#f1f5f9",
      "textDark": "#ffffff",
      "textLight": "#202020",
    }
  }
  data-testid="navbarHomeButton"
  onClick={[Function]}
  style={Object {}}
>
  Home
</a>
`;
